ARM Linker, 4.1 [Build 894] [Evaluation]

==============================================================================

Small function inlining results

Inlined total of 0 calls.

==============================================================================

Memory Map of the image

  Image Entry point : 0x000000d5

  Load Region LR_1 (Base: 0x00000000, Size: 0x0000225c, Max: 0xffffffff, ABSOLUTE)

    Execution Region ER_RO (Base: 0x00000000, Size: 0x000021e0, Max: 0xffffffff, ABSOLUTE)

    Base Addr    Size         Type   Attr      Idx    E Section Name        Object

    0x00000000   0x000000c0   Data   RO          120    RESET               startup_m051series.o
    0x000000c0   0x00000000   Code   RO         1322  * .ARM.Collect$$$$00000000  mc_p.l(entry.o)
    0x000000c0   0x00000004   Code   RO         1326    .ARM.Collect$$$$00000001  mc_p.l(entry2.o)
    0x000000c4   0x00000004   Code   RO         1329    .ARM.Collect$$$$00000004  mc_p.l(entry5.o)
    0x000000c8   0x00000000   Code   RO         1331    .ARM.Collect$$$$00000008  mc_p.l(entry7b.o)
    0x000000c8   0x00000008   Code   RO         1332    .ARM.Collect$$$$00000009  mc_p.l(entry8.o)
    0x000000d0   0x00000004   Code   RO         1327    .ARM.Collect$$$$00002712  mc_p.l(entry2.o)
    0x000000d4   0x00000044   Code   RO          121  * .text               startup_m051series.o
    0x00000118   0x000000b4   Code   RO         1319    .text               os_cpu_a.o
    0x000001cc   0x0000002c   Code   RO         1323    .text               mc_p.l(uidiv.o)
    0x000001f8   0x00000024   Code   RO         1333    .text               mc_p.l(init.o)
    0x0000021c   0x000000d0   Code   RO          327    i.AppTaskStart      ram.o
    0x000002ec   0x0000004c   Code   RO          328    i.AppTest           ram.o
    0x00000338   0x00000054   Code   RO          329    i.AppTest1          ram.o
    0x0000038c   0x00000002   Code   RO          273    i.App_TCBInitHook   app_hooks.o
    0x0000038e   0x00000002   Code   RO          274    i.App_TaskCreateHook  app_hooks.o
    0x00000390   0x00000002   Code   RO          275    i.App_TaskDelHook   app_hooks.o
    0x00000392   0x00000002   Code   RO          276    i.App_TaskIdleHook  app_hooks.o
    0x00000394   0x00000002   Code   RO          277    i.App_TaskReturnHook  app_hooks.o
    0x00000396   0x00000002   Code   RO          278    i.App_TaskStatHook  app_hooks.o
    0x00000398   0x00000002   Code   RO          279    i.App_TaskSwHook    app_hooks.o
    0x0000039a   0x00000002   Code   RO          280    i.App_TimeTickHook  app_hooks.o
    0x0000039c   0x0000007c   Code   RO           17    i.DrvSYS_GetPLLClockFreq  system_m051series.o
    0x00000418   0x00000078   Code   RO         1177    i.NVIC_SetPriority  os_cpu_c.o
    0x00000490   0x0000015c   Code   RO         1304    i.OSDebugInit       os_dbg.o
    0x000005ec   0x00000058   Code   RO          494    i.OSEventNameSet    ucos_ii.o
    0x00000644   0x00000034   Code   RO          505    i.OSInit            ucos_ii.o
    0x00000678   0x0000002c   Code   RO         1178    i.OSInitHookBegin   os_cpu_c.o
    0x000006a4   0x00000002   Code   RO         1179    i.OSInitHookEnd     os_cpu_c.o
    0x000006a6   0x00000002   PAD
    0x000006a8   0x00000098   Code   RO          507    i.OSIntExit         ucos_ii.o
    0x00000740   0x0000005c   Code   RO          509    i.OSMboxCreate      ucos_ii.o
    0x0000079c   0x00000110   Code   RO          511    i.OSMboxPend        ucos_ii.o
    0x000008ac   0x00000054   Code   RO          513    i.OSMboxPost        ucos_ii.o
    0x00000900   0x00000040   Code   RO          529    i.OSSchedLock       ucos_ii.o
    0x00000940   0x00000064   Code   RO          530    i.OSSchedUnlock     ucos_ii.o
    0x000009a4   0x0000005c   Code   RO          532    i.OSSemCreate       ucos_ii.o
    0x00000a00   0x000000f8   Code   RO          534    i.OSSemPend         ucos_ii.o
    0x00000af8   0x0000005c   Code   RO          536    i.OSSemPost         ucos_ii.o
    0x00000b54   0x0000004c   Code   RO          539    i.OSStart           ucos_ii.o
    0x00000ba0   0x0000004c   Code   RO          540    i.OSStatInit        ucos_ii.o
    0x00000bec   0x0000000c   Code   RO         1180    i.OSTCBInitHook     os_cpu_c.o
    0x00000bf8   0x000000ac   Code   RO          543    i.OSTaskCreateExt   ucos_ii.o
    0x00000ca4   0x0000000c   Code   RO         1181    i.OSTaskCreateHook  os_cpu_c.o
    0x00000cb0   0x00000170   Code   RO          544    i.OSTaskDel         ucos_ii.o
    0x00000e20   0x0000000c   Code   RO         1182    i.OSTaskDelHook     os_cpu_c.o
    0x00000e2c   0x00000008   Code   RO         1183    i.OSTaskIdleHook    os_cpu_c.o
    0x00000e34   0x00000070   Code   RO          547    i.OSTaskNameSet     ucos_ii.o
    0x00000ea4   0x0000000c   Code   RO         1184    i.OSTaskReturnHook  os_cpu_c.o
    0x00000eb0   0x00000008   Code   RO         1185    i.OSTaskStatHook    os_cpu_c.o
    0x00000eb8   0x00000088   Code   RO          552    i.OSTaskStkChk      ucos_ii.o
    0x00000f40   0x00000084   Code   RO         1186    i.OSTaskStkInit     os_cpu_c.o
    0x00000fc4   0x000000a8   Code   RO          553    i.OSTaskSuspend     ucos_ii.o
    0x0000106c   0x00000008   Code   RO         1187    i.OSTaskSwHook      os_cpu_c.o
    0x00001074   0x00000080   Code   RO          554    i.OSTimeDly         ucos_ii.o
    0x000010f4   0x000000f8   Code   RO          559    i.OSTimeTick        ucos_ii.o
    0x000011ec   0x00000028   Code   RO         1188    i.OSTimeTickHook    os_cpu_c.o
    0x00001214   0x00000014   Code   RO          564    i.OSTmrSignal       ucos_ii.o
    0x00001228   0x000000f0   Code   RO          570    i.OSTmr_Init        ucos_ii.o
    0x00001318   0x00000050   Code   RO          571    i.OSTmr_InitTask    ucos_ii.o
    0x00001368   0x00000070   Code   RO          572    i.OSTmr_Link        ucos_ii.o
    0x000013d8   0x00000084   Code   RO          573    i.OSTmr_Task        ucos_ii.o
    0x0000145c   0x00000048   Code   RO          574    i.OSTmr_Unlink      ucos_ii.o
    0x000014a4   0x00000028   Code   RO         1189    i.OS_CPU_SysTickHandler  os_cpu_c.o
    0x000014cc   0x00000038   Code   RO         1190    i.OS_CPU_SysTickInit  os_cpu_c.o
    0x00001504   0x00000002   Code   RO          576    i.OS_Dummy          ucos_ii.o
    0x00001506   0x00000002   PAD
    0x00001508   0x00000098   Code   RO          577    i.OS_EventTaskRdy   ucos_ii.o
    0x000015a0   0x0000002c   Code   RO          578    i.OS_EventTaskRemove  ucos_ii.o
    0x000015cc   0x00000040   Code   RO          579    i.OS_EventTaskRemoveMulti  ucos_ii.o
    0x0000160c   0x00000080   Code   RO          580    i.OS_EventTaskWait  ucos_ii.o
    0x0000168c   0x0000001c   Code   RO          582    i.OS_EventWaitListInit  ucos_ii.o
    0x000016a8   0x00000054   Code   RO          584    i.OS_FlagInit       ucos_ii.o
    0x000016fc   0x0000002a   Code   RO          586    i.OS_FlagUnlink     ucos_ii.o
    0x00001726   0x00000002   PAD
    0x00001728   0x00000058   Code   RO          587    i.OS_InitEventList  ucos_ii.o
    0x00001780   0x00000054   Code   RO          588    i.OS_InitMisc       ucos_ii.o
    0x000017d4   0x00000044   Code   RO          589    i.OS_InitRdyList    ucos_ii.o
    0x00001818   0x0000006c   Code   RO          590    i.OS_InitTCBList    ucos_ii.o
    0x00001884   0x00000050   Code   RO          591    i.OS_InitTaskIdle   ucos_ii.o
    0x000018d4   0x00000050   Code   RO          592    i.OS_InitTaskStat   ucos_ii.o
    0x00001924   0x00000012   Code   RO          593    i.OS_MemClr         ucos_ii.o
    0x00001936   0x00000002   PAD
    0x00001938   0x00000054   Code   RO          595    i.OS_MemInit        ucos_ii.o
    0x0000198c   0x00000078   Code   RO          596    i.OS_Sched          ucos_ii.o
    0x00001a04   0x0000002c   Code   RO          597    i.OS_SchedNew       ucos_ii.o
    0x00001a30   0x00000140   Code   RO          599    i.OS_TCBInit        ucos_ii.o
    0x00001b70   0x00000028   Code   RO          600    i.OS_TaskIdle       ucos_ii.o
    0x00001b98   0x00000018   Code   RO          601    i.OS_TaskReturn     ucos_ii.o
    0x00001bb0   0x00000088   Code   RO          602    i.OS_TaskStat       ucos_ii.o
    0x00001c38   0x00000040   Code   RO          603    i.OS_TaskStatStkChk  ucos_ii.o
    0x00001c78   0x0000001a   Code   RO          604    i.OS_TaskStkClr     ucos_ii.o
    0x00001c92   0x00000002   PAD
    0x00001c94   0x00000064   Code   RO           18    i.SystemCoreClockUpdate  system_m051series.o
    0x00001cf8   0x00000064   Code   RO           19    i.SystemInit        system_m051series.o
    0x00001d5c   0x00000020   Code   RO          359    i.T_set_mode1       uart_ad.o
    0x00001d7c   0x00000080   Code   RO          360    i.UART1_IRQHandler  uart_ad.o
    0x00001dfc   0x00000010   Code   RO          139    i.UART1_Init        initialization.o
    0x00001e0c   0x0000000e   Code   RO         1337    i.__scatterload_copy  mc_p.l(handlers.o)
    0x00001e1a   0x00000002   Code   RO         1338    i.__scatterload_null  mc_p.l(handlers.o)
    0x00001e1c   0x0000000e   Code   RO         1339    i.__scatterload_zeroinit  mc_p.l(handlers.o)
    0x00001e2a   0x00000002   PAD
    0x00001e2c   0x00000088   Code   RO          233    i.main              main.o
    0x00001eb4   0x00000014   Code   RO          407    i.raminit           rambuf.o
    0x00001ec8   0x000000e8   Code   RO          361    i.usart1_init       uart_ad.o
    0x00001fb0   0x00000058   Code   RO          362    i.usart1_send       uart_ad.o
    0x00002008   0x00000024   Code   RO          363    i.usart1_sendbuf    uart_ad.o
    0x0000202c   0x00000020   Data   RO           20    .constdata          system_m051series.o
    0x0000204c   0x00000100   Data   RO          606    .constdata          ucos_ii.o
    0x0000214c   0x00000072   Data   RO         1305    .constdata          os_dbg.o
    0x000021be   0x00000002   PAD
    0x000021c0   0x00000020   Data   RO         1335    Region$$Table       anon$$obj.o


    Execution Region ER_RW (Base: 0x20000000, Size: 0x0000007c, Max: 0xffffffff, ABSOLUTE)

    Base Addr    Size         Type   Attr      Idx    E Section Name        Object

    0x20000000   0x0000000c   Data   RW           21    .data               system_m051series.o
    0x2000000c   0x0000000c   Data   RW          331    .data               ram.o
    0x20000018   0x00000002   Data   RW          409    .data               rambuf.o
    0x2000001a   0x00000002   PAD
    0x2000001c   0x00000058   Data   RW          607    .data               ucos_ii.o
    0x20000074   0x00000006   Data   RW         1192    .data               os_cpu_c.o


    Execution Region ER_ZI (Base: 0x2000007c, Size: 0x00000b94, Max: 0xffffffff, ABSOLUTE)

    Base Addr    Size         Type   Attr      Idx    E Section Name        Object

    0x2000007c   0x0000017d   Zero   RW          330    .bss                ram.o
    0x200001f9   0x0000000a   Zero   RW          408    .bss                rambuf.o
    0x20000203   0x00000001   PAD
    0x20000204   0x00000708   Zero   RW          605    .bss                ucos_ii.o
    0x2000090c   0x00000100   Zero   RW         1191    .bss                os_cpu_c.o
    0x20000a0c   0x00000004   PAD
    0x20000a10   0x00000200   Zero   RW          118    STACK               startup_m051series.o


==============================================================================

Image component sizes


      Code (inc. data)   RO Data    RW Data    ZI Data      Debug   Object Name

        16          0          0          0          0       3140   app_hooks.o
         0          0          0          0          0       4188   core_cm0.o
        16          8          0          0          0       8113   initialization.o
       136         34          0          0          0       9727   main.o
       180         46          0          0          0        376   os_cpu_a.o
       506         78          0          6        256      75079   os_cpu_c.o
       348        230        114          0          0       3449   os_dbg.o
       368         84          0         12        381       2456   ram.o
        20          4          0          2         10       1033   rambuf.o
        68         28        192          0        512        668   startup_m051series.o
       324         56         32         12          0      66787   system_m051series.o
       516         58          0          0          0       9331   uart_ad.o
      5404        774        256         88       1800      39820   ucos_ii.o

    ----------------------------------------------------------------------
      7912       1400        628        124       2964     224167   Object Totals
         0          0         32          0          0          0   (incl. Generated)
        10          0          2          4          5          0   (incl. Padding)

    ----------------------------------------------------------------------

      Code (inc. data)   RO Data    RW Data    ZI Data      Debug   Library Member Name

         0          0          0          0          0          0   entry.o
         8          4          0          0          0          0   entry2.o
         4          0          0          0          0          0   entry5.o
         0          0          0          0          0          0   entry7b.o
         8          4          0          0          0          0   entry8.o
        30          0          0          0          0          0   handlers.o
        36          8          0          0          0         68   init.o
        44          0          0          0          0         72   uidiv.o

    ----------------------------------------------------------------------
       132         16          0          0          0        140   Library Totals
         2          0          0          0          0          0   (incl. Padding)

    ----------------------------------------------------------------------

      Code (inc. data)   RO Data    RW Data    ZI Data      Debug   Library Name

       130         16          0          0          0        140   mc_p.l

    ----------------------------------------------------------------------
       132         16          0          0          0        140   Library Totals

    ----------------------------------------------------------------------

==============================================================================


      Code (inc. data)   RO Data    RW Data    ZI Data      Debug   

      8044       1416        628        124       2964     220647   Grand Totals
      8044       1416        628        124       2964     220647   ELF Image Totals
      8044       1416        628        124          0          0   ROM Totals

==============================================================================

    Total RO  Size (Code + RO Data)                 8672 (   8.47kB)
    Total RW  Size (RW Data + ZI Data)              3088 (   3.02kB)
    Total ROM Size (Code + RO Data + RW Data)       8796 (   8.59kB)

==============================================================================

